=== Trial 2 (patched) ===
Start: 2026-07-20T01:36:35Z
--- TPM state (pre) ---
- 0x81000001
- 0x81000009
bpftrace PID on ipc9: 2352638
DaemonSet applied at 01:36:39Z
Pod running: spire-agent-trial-patched-7sgjs
time="2026-07-20T01:36:41Z" level=info msg="SVID is not found. Starting node attestation" subsystem_name=attestor trust_domain_id="spiffe://ipc.local"
time="2026-07-20T01:37:09Z" level=info msg="Node attestation was successful" reattestable=true spiffe_id="spiffe://ipc.local/spire/agent/tpm_devid/dd04bfbf9dbfb604b0fdc1bf1d42d03e73788417" subsystem_name=attestor trust_domain_id="spiffe://ipc.local"
bpftrace output: /home/cb/Projects/k3s-experiments/experiments/28-spire-tpmdevid-patch/trial-results/trial-2-patched.bt (114 lines)
--- CreatePrimary calls (read() duration > 5s) ---
[130275710] read() returned 27 bytes in 0 ms
[130300014] read() returned 490 bytes in 0 ms
[130300145] read() returned 59 bytes in 0 ms
[130300421] read() returned 732 bytes in 0 ms
[130300616] read() returned 59 bytes in 0 ms
[130300790] read() returned 10 bytes in 0 ms
[130300984] read() returned 522 bytes in 0 ms
[130301181] read() returned 27 bytes in 0 ms
[130301382] read() returned 62 bytes in 0 ms
[130301583] read() returned 789 bytes in 0 ms
[130301788] read() returned 682 bytes in 0 ms
[130301992] read() returned 398 bytes in 0 ms
[130302282] read() returned 429 bytes in 0 ms
Pod terminated
--- TPM state (post) ---
- 0x81000001
- 0x81000009
End: 2026-07-20T01:37:15Z
=== Trial 2 done ===
