=== Trial 7 (unpatched) ===
Start: 2026-07-19T23:02:37Z
--- TPM state (pre) ---
- 0x81000001
- 0x81000009
bpftrace PID on ipc9: 2095452
DaemonSet applied at 23:02:40Z
Pod running: spire-agent-trial-unpatched-4nx2b
time="2026-07-19T23:02:41Z" level=info msg="SVID is not found. Starting node attestation" subsystem_name=attestor trust_domain_id="spiffe://ipc.local"
time="2026-07-19T23:03:58Z" level=info msg="Node attestation was successful" rettestable=true spiffe_id="spiffe://ipc.local/spire/agent/tpm_devid/dd04bfbf9dbfb604b0fdc1bf1d42d03e73788417" subsystem_name=attestor trust_domain_id="spiffe://ipc.local"
bpftrace output: experiments/28-spire-tpmdevid-patch/trial-results/trial-7-unpatched.bt (115 lines)
--- CreatePrimary calls (read() duration > 5s) ---
[121035199] read() returned 27 bytes in 0 ms
[121059493] read() returned 490 bytes in 0 ms
[121059625] read() returned 59 bytes in 0 ms
[121059730] read() returned 10 bytes in 0 ms
[121084084] read() returned 490 bytes in 0 ms
[121084357] read() returned 732 bytes in 0 ms
[121084463] read() returned 10 bytes in 0 ms
[121108864] read() returned 490 bytes in 0 ms
[121109057] read() returned 59 bytes in 0 ms
[121109230] read() returned 10 bytes in 0 ms
[121109427] read() returned 522 bytes in 0 ms
[121109632] read() returned 27 bytes in 0 ms
Pod terminated
--- TPM state (post) ---
- 0x81000001
- 0x81000009
End: 2026-07-19T23:04:03Z
=== Trial 7 done ===
